Archive member included to satisfy reference by file (symbol)

/Applications/ArmGNUToolchain/15.2.rel1/arm-none-eabi/bin/../lib/gcc/arm-none-eabi/15.2.1/../../../../arm-none-eabi/lib/thumb/v7e-m/nofp/libc_nano.a(libc_a-exit.o)
                              /Applications/ArmGNUToolchain/15.2.rel1/arm-none-eabi/bin/../lib/gcc/arm-none-eabi/15.2.1/../../../../arm-none-eabi/lib/thumb/v7e-m/nofp/crt0.o (exit)
/Applications/ArmGNUToolchain/15.2.rel1/arm-none-eabi/bin/../lib/gcc/arm-none-eabi/15.2.1/../../../../arm-none-eabi/lib/thumb/v7e-m/nofp/libc_nano.a(libc_a-findfp.o)
                              /Applications/ArmGNUToolchain/15.2.rel1/arm-none-eabi/bin/../lib/gcc/arm-none-eabi/15.2.1/../../../../arm-none-eabi/lib/thumb/v7e-m/nofp/libc_nano.a(libc_a-exit.o) (__stdio_exit_handler)
/Applications/ArmGNUToolchain/15.2.rel1/arm-none-eabi/bin/../lib/gcc/arm-none-eabi/15.2.1/../../../../arm-none-eabi/lib/thumb/v7e-m/nofp/libc_nano.a(libc_a-fwalk.o)
                              /Applications/ArmGNUToolchain/15.2.rel1/arm-none-eabi/bin/../lib/gcc/arm-none-eabi/15.2.1/../../../../arm-none-eabi/lib/thumb/v7e-m/nofp/libc_nano.a(libc_a-findfp.o) (_fwalk_sglue)
/Applications/ArmGNUToolchain/15.2.rel1/arm-none-eabi/bin/../lib/gcc/arm-none-eabi/15.2.1/../../../../arm-none-eabi/lib/thumb/v7e-m/nofp/libc_nano.a(libc_a-memset.o)
                              /Applications/ArmGNUToolchain/15.2.rel1/arm-none-eabi/bin/../lib/gcc/arm-none-eabi/15.2.1/../../../../arm-none-eabi/lib/thumb/v7e-m/nofp/crt0.o (memset)
/Applications/ArmGNUToolchain/15.2.rel1/arm-none-eabi/bin/../lib/gcc/arm-none-eabi/15.2.1/../../../../arm-none-eabi/lib/thumb/v7e-m/nofp/libc_nano.a(libc_a-init.o)
                              /Applications/ArmGNUToolchain/15.2.rel1/arm-none-eabi/bin/../lib/gcc/arm-none-eabi/15.2.1/../../../../arm-none-eabi/lib/thumb/v7e-m/nofp/crt0.o (__libc_init_array)
/Applications/ArmGNUToolchain/15.2.rel1/arm-none-eabi/bin/../lib/gcc/arm-none-eabi/15.2.1/../../../../arm-none-eabi/lib/thumb/v7e-m/nofp/libc_nano.a(libc_a-lock.o)
                              /Applications/ArmGNUToolchain/15.2.rel1/arm-none-eabi/bin/../lib/gcc/arm-none-eabi/15.2.1/../../../../arm-none-eabi/lib/thumb/v7e-m/nofp/libc_nano.a(libc_a-findfp.o) (__retarget_lock_init_recursive)
/Applications/ArmGNUToolchain/15.2.rel1/arm-none-eabi/bin/../lib/gcc/arm-none-eabi/15.2.1/../../../../arm-none-eabi/lib/thumb/v7e-m/nofp/libc_nano.a(libc_a-impure.o)
                              /Applications/ArmGNUToolchain/15.2.rel1/arm-none-eabi/bin/../lib/gcc/arm-none-eabi/15.2.1/../../../../arm-none-eabi/lib/thumb/v7e-m/nofp/libc_nano.a(libc_a-findfp.o) (_impure_data)
/Applications/ArmGNUToolchain/15.2.rel1/arm-none-eabi/bin/../lib/gcc/arm-none-eabi/15.2.1/../../../../arm-none-eabi/lib/thumb/v7e-m/nofp/libc_nano.a(libc_a-memcpy-stub.o)
                              CMakeFiles/bms_firmware.elf.dir/src/board/board_flash.c.obj (memcpy)
/Applications/ArmGNUToolchain/15.2.rel1/arm-none-eabi/bin/../lib/gcc/arm-none-eabi/15.2.1/../../../../arm-none-eabi/lib/thumb/v7e-m/nofp/libc_nano.a(libc_a-mallocr.o)
                              /Applications/ArmGNUToolchain/15.2.rel1/arm-none-eabi/bin/../lib/gcc/arm-none-eabi/15.2.1/../../../../arm-none-eabi/lib/thumb/v7e-m/nofp/libc_nano.a(libc_a-findfp.o) (_malloc_r)
/Applications/ArmGNUToolchain/15.2.rel1/arm-none-eabi/bin/../lib/gcc/arm-none-eabi/15.2.1/../../../../arm-none-eabi/lib/thumb/v7e-m/nofp/libc_nano.a(libc_a-mlock.o)
                              /Applications/ArmGNUToolchain/15.2.rel1/arm-none-eabi/bin/../lib/gcc/arm-none-eabi/15.2.1/../../../../arm-none-eabi/lib/thumb/v7e-m/nofp/libc_nano.a(libc_a-mallocr.o) (__malloc_lock)
/Applications/ArmGNUToolchain/15.2.rel1/arm-none-eabi/bin/../lib/gcc/arm-none-eabi/15.2.1/../../../../arm-none-eabi/lib/thumb/v7e-m/nofp/libc_nano.a(libc_a-stdio.o)
                              /Applications/ArmGNUToolchain/15.2.rel1/arm-none-eabi/bin/../lib/gcc/arm-none-eabi/15.2.1/../../../../arm-none-eabi/lib/thumb/v7e-m/nofp/libc_nano.a(libc_a-findfp.o) (__sread)
/Applications/ArmGNUToolchain/15.2.rel1/arm-none-eabi/bin/../lib/gcc/arm-none-eabi/15.2.1/../../../../arm-none-eabi/lib/thumb/v7e-m/nofp/libc_nano.a(libc_a-fflush.o)
                              /Applications/ArmGNUToolchain/15.2.rel1/arm-none-eabi/bin/../lib/gcc/arm-none-eabi/15.2.1/../../../../arm-none-eabi/lib/thumb/v7e-m/nofp/libc_nano.a(libc_a-findfp.o) (_fflush_r)
/Applications/ArmGNUToolchain/15.2.rel1/arm-none-eabi/bin/../lib/gcc/arm-none-eabi/15.2.1/../../../../arm-none-eabi/lib/thumb/v7e-m/nofp/libc_nano.a(libc_a-lseekr.o)
                              /Applications/ArmGNUToolchain/15.2.rel1/arm-none-eabi/bin/../lib/gcc/arm-none-eabi/15.2.1/../../../../arm-none-eabi/lib/thumb/v7e-m/nofp/libc_nano.a(libc_a-stdio.o) (_lseek_r)
/Applications/ArmGNUToolchain/15.2.rel1/arm-none-eabi/bin/../lib/gcc/arm-none-eabi/15.2.1/../../../../arm-none-eabi/lib/thumb/v7e-m/nofp/libc_nano.a(libc_a-readr.o)
[...]
Memory Configuration

Name             Origin             Length             Attributes
FLASH            0x08008000         0x0002f000         xr
RAM              0x20000000         0x0000a000         xrw
*default*        0x00000000         0xffffffff

Linker script and memory map

LOAD /Applications/ArmGNUToolchain/15.2.rel1/arm-none-eabi/bin/../lib/gcc/arm-none-eabi/15.2.1/thumb/v7e-m/nofp/crti.o
LOAD /Applications/ArmGNUToolchain/15.2.rel1/arm-none-eabi/bin/../lib/gcc/arm-none-eabi/15.2.1/thumb/v7e-m/nofp/crtbegin.o
LOAD /Applications/ArmGNUToolchain/15.2.rel1/arm-none-eabi/bin/../lib/gcc/arm-none-eabi/15.2.1/../../../../arm-none-eabi/lib/thumb/v7e-m/nofp/crt0.o
LOAD CMakeFiles/bms_firmware.elf.dir/vendor/STM32F3xx/Source/Templates/gcc/startup_stm32f303xc.s.obj
LOAD CMakeFiles/bms_firmware.elf.dir/vendor/STM32F3xx/Source/Templates/system_stm32f3xx.c.obj
LOAD CMakeFiles/bms_firmware.elf.dir/src/board/board_clock.c.obj
LOAD CMakeFiles/bms_firmware.elf.dir/src/board/board_outputs.c.obj
LOAD CMakeFiles/bms_firmware.elf.dir/src/board/board_uart.c.obj
LOAD CMakeFiles/bms_firmware.elf.dir/src/board/board_spi.c.obj
LOAD CMakeFiles/bms_firmware.elf.dir/src/board/board_i2c.c.obj
LOAD CMakeFiles/bms_firmware.elf.dir/src/board/board_adc.c.obj
LOAD CMakeFiles/bms_firmware.elf.dir/src/board/board_can.c.obj
LOAD CMakeFiles/bms_firmware.elf.dir/src/board/board_flash.c.obj
LOAD CMakeFiles/bms_firmware.elf.dir/src/drivers/isospi.c.obj
LOAD CMakeFiles/bms_firmware.elf.dir/src/drivers/ltc6812.c.obj
LOAD CMakeFiles/bms_firmware.elf.dir/src/drivers/isl28022.c.obj
LOAD CMakeFiles/bms_firmware.elf.dir/src/bms/bms_config.c.obj
LOAD CMakeFiles/bms_firmware.elf.dir/src/bms/bms_measurements.c.obj
LOAD CMakeFiles/bms_firmware.elf.dir/src/bms/bms_faults.c.obj
LOAD CMakeFiles/bms_firmware.elf.dir/src/bms/bms_outputs.c.obj
LOAD CMakeFiles/bms_firmware.elf.dir/src/bms/bms_state.c.obj
LOAD CMakeFiles/bms_firmware.elf.dir/src/bms/bms_balance.c.obj
LOAD CMakeFiles/bms_firmware.elf.dir/src/bms/bms_protocol.c.obj
LOAD CMakeFiles/bms_firmware.elf.dir/src/bms/bms_diagnostics.c.obj
LOAD CMakeFiles/bms_firmware.elf.dir/src/bms_main_loop.c.obj
LOAD CMakeFiles/bms_firmware.elf.dir/src/main.c.obj
START GROUP
LOAD /Applications/ArmGNUToolchain/15.2.rel1/arm-none-eabi/bin/../lib/gcc/arm-none-eabi/15.2.1/thumb/v7e-m/nofp/libgcc.a
LOAD /Applications/ArmGNUToolchain/15.2.rel1/arm-none-eabi/bin/../lib/gcc/arm-none-eabi/15.2.1/../../../../arm-none-eabi/lib/thumb/v7e-m/nofp/libc_nano.a
END GROUP
START GROUP
LOAD /Applications/ArmGNUToolchain/15.2.rel1/arm-none-eabi/bin/../lib/gcc/arm-none-eabi/15.2.1/thumb/v7e-m/nofp/libgcc.a
LOAD /Applications/ArmGNUToolchain/15.2.rel1/arm-none-eabi/bin/../lib/gcc/arm-none-eabi/15.2.1/../../../../arm-none-eabi/lib/thumb/v7e-m/nofp/libc_nano.a
LOAD /Applications/ArmGNUToolchain/15.2.rel1/arm-none-eabi/bin/../lib/gcc/arm-none-eabi/15.2.1/../../../../arm-none-eabi/lib/thumb/v7e-m/nofp/libnosys.a
END GROUP
START GROUP
LOAD /Applications/ArmGNUToolchain/15.2.rel1/arm-none-eabi/bin/../lib/gcc/arm-none-eabi/15.2.1/thumb/v7e-m/nofp/libgcc.a
LOAD /Applications/ArmGNUToolchain/15.2.rel1/arm-none-eabi/bin/../lib/gcc/arm-none-eabi/15.2.1/../../../../arm-none-eabi/lib/thumb/v7e-m/nofp/libc_nano.a
LOAD /Applications/ArmGNUToolchain/15.2.rel1/arm-none-eabi/bin/../lib/gcc/arm-none-eabi/15.2.1/../../../../arm-none-eabi/lib/thumb/v7e-m/nofp/libnosys.a
END GROUP
LOAD /Applications/ArmGNUToolchain/15.2.rel1/arm-none-eabi/bin/../lib/gcc/arm-none-eabi/15.2.1/thumb/v7e-m/nofp/crtend.o
LOAD /Applications/ArmGNUToolchain/15.2.rel1/arm-none-eabi/bin/../lib/gcc/arm-none-eabi/15.2.1/thumb/v7e-m/nofp/crtn.o

.text           0x08008000     0x2a40
 *(.isr_vector)
 .isr_vector    0x08008000      0x188 CMakeFiles/bms_firmware.elf.dir/vendor/STM32F3xx/Source/Templates/gcc/startup_stm32f303xc.s.obj
                0x08008000                g_pfnVectors
 *(.text)
 *(.text.*)
 .text.Reset_Handler
                0x08008188       0x50 CMakeFiles/bms_firmware.elf.dir/vendor/STM32F3xx/Source/Templates/gcc/startup_stm32f303xc.s.obj
                0x08008188                Reset_Handler
 .text.Default_Handler
                0x080081d8        0x2 CMakeFiles/bms_firmware.elf.dir/vendor/STM32F3xx/Source/Templates/gcc/startup_stm32f303xc.s.obj
                0x080081d8                TIM1_BRK_TIM15_IRQHandler
                0x080081d8                TIM8_TRG_COM_IRQHandler
                0x080081d8                TIM8_CC_IRQHandler
                0x080081d8                DebugMon_Handler
                0x080081d8                TIM1_CC_IRQHandler
                0x080081d8                HardFault_Handler
                0x080081d8                USB_HP_IRQHandler
                0x080081d8                PVD_IRQHandler
                0x080081d8                TAMP_STAMP_IRQHandler
                0x080081d8                PendSV_Handler
                0x080081d8                NMI_Handler
                0x080081d8                EXTI3_IRQHandler
                0x080081d8                USB_HP_CAN_TX_IRQHandler
                0x080081d8                EXTI0_IRQHandler
                0x080081d8                I2C2_EV_IRQHandler
                0x080081d8                FPU_IRQHandler
                0x080081d8                TIM1_UP_TIM16_IRQHandler
                0x080081d8                UsageFault_Handler
                0x080081d8                ADC1_2_IRQHandler
                0x080081d8                SPI1_IRQHandler
                0x080081d8                CAN_SCE_IRQHandler
                0x080081d8                TIM6_DAC_IRQHandler
                0x080081d8                TIM8_UP_IRQHandler
                0x080081d8                DMA2_Channel2_IRQHandler
                0x080081d8                DMA1_Channel4_IRQHandler
                0x080081d8                USART3_IRQHandler
                0x080081d8                DMA1_Channel7_IRQHandler
                0x080081d8                UART5_IRQHandler
                0x080081d8                ADC3_IRQHandler
                0x080081d8                TIM4_IRQHandler
                0x080081d8                CAN_RX1_IRQHandler
                0x080081d8                DMA2_Channel1_IRQHandler
                0x080081d8                I2C1_EV_IRQHandler
                0x080081d8                DMA1_Channel6_IRQHandler
                0x080081d8                UART4_IRQHandler
                0x080081d8                DMA2_Channel4_IRQHandler
                0x080081d8                TIM3_IRQHandler
                0x080081d8                RCC_IRQHandler
                0x080081d8                DMA1_Channel1_IRQHandler
                0x080081d8                Default_Handler
                0x080081d8                USBWakeUp_RMP_IRQHandler
                0x080081d8                EXTI15_10_IRQHandler
                0x080081d8                TIM7_IRQHandler
                0x080081d8                EXTI9_5_IRQHandler
                0x080081d8                RTC_WKUP_IRQHandler
                0x080081d8                SPI2_IRQHandler
                0x080081d8                USB_LP_CAN_RX0_IRQHandler
                0x080081d8                MemManage_Handler
                0x080081d8                SVC_Handler
                0x080081d8                DMA2_Channel5_IRQHandler
                0x080081d8                DMA1_Channel5_IRQHandler
                0x080081d8                USB_LP_IRQHandler
                0x080081d8                EXTI4_IRQHandler
                0x080081d8                TIM1_TRG_COM_TIM17_IRQHandler
                0x080081d8                DMA1_Channel3_IRQHandler
                0x080081d8                ADC4_IRQHandler
                0x080081d8                WWDG_IRQHandler
                0x080081d8                TIM2_IRQHandler
                0x080081d8                COMP7_IRQHandler
                0x080081d8                COMP1_2_3_IRQHandler
                0x080081d8                EXTI1_IRQHandler
                0x080081d8                USART2_IRQHandler
                0x080081d8                COMP4_5_6_IRQHandler
                0x080081d8                I2C2_ER_IRQHandler
                0x080081d8                DMA1_Channel2_IRQHandler
                0x080081d8                TIM8_BRK_IRQHandler
                0x080081d8                FLASH_IRQHandler
                0x080081d8                BusFault_Handler
                0x080081d8                USART1_IRQHandler
                0x080081d8                SPI3_IRQHandler
                0x080081d8                I2C1_ER_IRQHandler
                0x080081d8                USBWakeUp_IRQHandler
                0x080081d8                DMA2_Channel3_IRQHandler
                0x080081d8                EXTI2_TSC_IRQHandler
                0x080081d8                RTC_Alarm_IRQHandler
 .text.SystemInit
                0x080081da        0x2 CMakeFiles/bms_firmware.elf.dir/vendor/STM32F3xx/Source/Templates/system_stm32f3xx.c.obj
                0x080081da                SystemInit
 .text.SysTick_Handler
                0x080081dc       0x10 CMakeFiles/bms_firmware.elf.dir/src/board/board_clock.c.obj
                0x080081dc                SysTick_Handler
 .text.board_clock_init
                0x080081ec       0x98 CMakeFiles/bms_firmware.elf.dir/src/board/board_clock.c.obj
                0x080081ec                board_clock_init
 .text.board_clock_get_ms
                0x08008284        0xc CMakeFiles/bms_firmware.elf.dir/src/board/board_clock.c.obj
                0x08008284                board_clock_get_ms
 .text.board_clock_delay_ms
                0x08008290       0x14 CMakeFiles/bms_firmware.elf.dir/src/board/board_clock.c.obj
                0x08008290                board_clock_delay_ms
 .text.board_outputs_init_safe
                0x080082a4       0x3c CMakeFiles/bms_firmware.elf.dir/src/board/board_outputs.c.obj
                0x080082a4                board_outputs_init_safe
 .text.board_outputs_set_master_ok
                0x080082e0       0x2c CMakeFiles/bms_firmware.elf.dir/src/board/board_outputs.c.obj
                0x080082e0                board_outputs_set_master_ok
 .text.board_outputs_set_discharge_permission
                0x0800830c       0x2c CMakeFiles/bms_firmware.elf.dir/src/board/board_outputs.c.obj
                0x0800830c                board_outputs_set_discharge_permission
 .text.board_outputs_set_charge_permission
                0x08008338       0x28 CMakeFiles/bms_firmware.elf.dir/src/board/board_outputs.c.obj
                0x08008338                board_outputs_set_charge_permission
 .text.board_outputs_set_charger_safety
                0x08008360       0x28 CMakeFiles/bms_firmware.elf.dir/src/board/board_outputs.c.obj
                0x08008360                board_outputs_set_charger_safety
 .text.board_outputs_disable_all
                0x08008388       0x2c CMakeFiles/bms_firmware.elf.dir/src/board/board_outputs.c.obj
                0x08008388                board_outputs_disable_all
 .text.board_outputs_get_state
                0x080083b4        0xc CMakeFiles/bms_firmware.elf.dir/src/board/board_outputs.c.obj
                0x080083b4                board_outputs_get_state
 .text.board_uart_init
                0x080083c0       0x38 CMakeFiles/bms_firmware.elf.dir/src/board/board_uart.c.obj
                0x080083c0                board_uart_init
 .text.board_uart_write
                0x080083f8       0x24 CMakeFiles/bms_firmware.elf.dir/src/board/board_uart.c.obj
                0x080083f8                board_uart_write
 .text.board_uart_rx_ready
                0x0800841c       0x10 CMakeFiles/bms_firmware.elf.dir/src/board/board_uart.c.obj
                0x0800841c                board_uart_rx_ready
 .text.board_uart_read_byte
                0x0800842c        0xc CMakeFiles/bms_firmware.elf.dir/src/board/board_uart.c.obj
                0x0800842c                board_uart_read_byte
 .text.board_spi_init
                0x08008438       0x84 CMakeFiles/bms_firmware.elf.dir/src/board/board_spi.c.obj
                0x08008438                board_spi_init
 .text.board_spi_cs_assert
                0x080084bc       0x24 CMakeFiles/bms_firmware.elf.dir/src/board/board_spi.c.obj
                0x080084bc                board_spi_cs_assert
 .text.board_spi_cs_deassert
                0x080084e0       0x24 CMakeFiles/bms_firmware.elf.dir/src/board/board_spi.c.obj
                0x080084e0                board_spi_cs_deassert
 .text.board_spi_transfer
                0x08008504       0x38 CMakeFiles/bms_firmware.elf.dir/src/board/board_spi.c.obj
                0x08008504                board_spi_transfer
 .text.board_spi_write
                0x0800853c        0x8 CMakeFiles/bms_firmware.elf.dir/src/board/board_spi.c.obj
                0x0800853c                board_spi_write
 .text.board_i2c_init
                0x08008544       0x2e CMakeFiles/bms_firmware.elf.dir/src/board/board_i2c.c.obj
                0x08008544                board_i2c_init
 .text.board_i2c_read_reg
                0x08008572        0x4 CMakeFiles/bms_firmware.elf.dir/src/board/board_i2c.c.obj
                0x08008572                board_i2c_read_reg
 .text.board_adc_init
                0x08008576       0xb4 CMakeFiles/bms_firmware.elf.dir/src/board/board_adc.c.obj
                0x08008576                board_adc_init
 .text.board_adc_read_raw
                0x0800862a       0x3e CMakeFiles/bms_firmware.elf.dir/src/board/board_adc.c.obj
                0x0800862a                board_adc_read_raw
 .text.board_can_init
                0x08008668       0x26 CMakeFiles/bms_firmware.elf.dir/src/board/board_can.c.obj
                0x08008668                board_can_init
 *fill*         0x0800868e        0x2 
 .text.flash_unlock
                0x08008690       0x28 CMakeFiles/bms_firmware.elf.dir/src/board/board_flash.c.obj
 .text.flash_lock
                0x080086b8       0x10 CMakeFiles/bms_firmware.elf.dir/src/board/board_flash.c.obj
 .text.flash_wait_idle
                0x080086c8       0x20 CMakeFiles/bms_firmware.elf.dir/src/board/board_flash.c.obj
 .text.board_flash_erase_config_slot
                0x080086e8       0x78 CMakeFiles/bms_firmware.elf.dir/src/board/board_flash.c.obj
                0x080086e8                board_flash_erase_config_slot
 .text.board_flash_write
                0x08008760       0x94 CMakeFiles/bms_firmware.elf.dir/src/board/board_flash.c.obj
                0x08008760                board_flash_write
 .text.board_flash_read
                0x080087f4        0xa CMakeFiles/bms_firmware.elf.dir/src/board/board_flash.c.obj
                0x080087f4                board_flash_read
 *fill*         0x080087fe        0x2 
 .text.isospi_pec15
                0x08008800       0x64 CMakeFiles/bms_firmware.elf.dir/src/drivers/isospi.c.obj
                0x08008800                isospi_pec15
 .text.isospi_wakeup
                0x08008864       0x28 CMakeFiles/bms_firmware.elf.dir/src/drivers/isospi.c.obj
                0x08008864                isospi_wakeup
 .text.isospi_cmd_broadcast
                0x0800888c       0x3a CMakeFiles/bms_firmware.elf.dir/src/drivers/isospi.c.obj
                0x0800888c                isospi_cmd_broadcast
 .text.isospi_write_all
                0x080088c6       0x6a CMakeFiles/bms_firmware.elf.dir/src/drivers/isospi.c.obj
                0x080088c6                isospi_write_all
 .text.isospi_read_byte_after_cmd
                0x08008930       0x1e CMakeFiles/bms_firmware.elf.dir/src/drivers/isospi.c.obj
                0x08008930                isospi_read_byte_after_cmd
 .text.isospi_read_all
                0x0800894e       0xa4 CMakeFiles/bms_firmware.elf.dir/src/drivers/isospi.c.obj
                0x0800894e                isospi_read_all
 .text.poll_adc_done
                0x080089f2       0x4c CMakeFiles/bms_firmware.elf.dir/src/drivers/ltc6812.c.obj
 .text.ltc6812_init_chain
                0x08008a3e       0x68 CMakeFiles/bms_firmware.elf.dir/src/drivers/ltc6812.c.obj
                0x08008a3e                ltc6812_init_chain
 *fill*         0x08008aa6        0x2 
 .text.ltc6812_read_cells
                0x08008aa8       0xb4 CMakeFiles/bms_firmware.elf.dir/src/drivers/ltc6812.c.obj
                0x08008aa8                ltc6812_read_cells
 .text.ltc6812_temp_chain_set_sensor_bias
                0x08008b5c       0x44 CMakeFiles/bms_firmware.elf.dir/src/drivers/ltc6812.c.obj
                0x08008b5c                ltc6812_temp_chain_set_sensor_bias
 .text.ltc6812_temp_chain_clear_s_outputs
                0x08008ba0       0x2a CMakeFiles/bms_firmware.elf.dir/src/drivers/ltc6812.c.obj
                0x08008ba0                ltc6812_temp_chain_clear_s_outputs
 .text.ltc6812_cell_chain_set_balance
                0x08008bca       0xa0 CMakeFiles/bms_firmware.elf.dir/src/drivers/ltc6812.c.obj
                0x08008bca                ltc6812_cell_chain_set_balance
 .text.ltc6812_cell_chain_clear_balance
                0x08008c6a       0x16 CMakeFiles/bms_firmware.elf.dir/src/drivers/ltc6812.c.obj
                0x08008c6a                ltc6812_cell_chain_clear_balance
 .text.ltc6812_run_open_wire
                0x08008c80      0x1f0 CMakeFiles/bms_firmware.elf.dir/src/drivers/ltc6812.c.obj
                0x08008c80                ltc6812_run_open_wire
 .text.isl28022_read
                0x08008e70       0x42 CMakeFiles/bms_firmware.elf.dir/src/drivers/isl28022.c.obj
                0x08008e70                isl28022_read
 *fill*         0x08008eb2        0x2 
 .text.bms_config_compute_crc
                0x08008eb4       0x48 CMakeFiles/bms_firmware.elf.dir/src/bms/bms_config.c.obj
                0x08008eb4                bms_config_compute_crc
 .text.bms_config_validate
                0x08008efc      0x29c CMakeFiles/bms_firmware.elf.dir/src/bms/bms_config.c.obj
                0x08008efc                bms_config_validate
 .text.bms_config_get
                0x08009198        0x8 CMakeFiles/bms_firmware.elf.dir/src/bms/bms_config.c.obj
                0x08009198                bms_config_get
 .text.bms_config_apply_ram
                0x080091a0       0x24 CMakeFiles/bms_firmware.elf.dir/src/bms/bms_config.c.obj
                0x080091a0                bms_config_apply_ram
 .text.bms_config_store
                0x080091c4       0xe0 CMakeFiles/bms_firmware.elf.dir/src/bms/bms_config.c.obj
                0x080091c4                bms_config_store
 .text.bms_config_load_defaults
                0x080092a4       0x1c CMakeFiles/bms_firmware.elf.dir/src/bms/bms_config.c.obj
                0x080092a4                bms_config_load_defaults
 .text.bms_config_load
                0x080092c0       0x78 CMakeFiles/bms_firmware.elf.dir/src/bms/bms_config.c.obj
                0x080092c0                bms_config_load
 .text.bms_measurements_run_cell_cycle
                0x08009338       0x84 CMakeFiles/bms_firmware.elf.dir/src/bms/bms_measurements.c.obj
                0x08009338                bms_measurements_run_cell_cycle
 .text.bms_measurements_run_temp_cycle
                0x080093bc       0xcc CMakeFiles/bms_firmware.elf.dir/src/bms/bms_measurements.c.obj
                0x080093bc                bms_measurements_run_temp_cycle
 .text.bms_measurements_update_pack
                0x08009488       0x24 CMakeFiles/bms_firmware.elf.dir/src/bms/bms_measurements.c.obj
                0x08009488                bms_measurements_update_pack
 .text.bms_measurements_run_pack_cycle
                0x080094ac       0xc4 CMakeFiles/bms_firmware.elf.dir/src/bms/bms_measurements.c.obj
                0x080094ac                bms_measurements_run_pack_cycle
 .text.bms_measurements_get_cells
                0x08009570        0x8 CMakeFiles/bms_firmware.elf.dir/src/bms/bms_measurements.c.obj
                0x08009570                bms_measurements_get_cells
 .text.bms_measurements_get_temps
                0x08009578        0x8 CMakeFiles/bms_firmware.elf.dir/src/bms/bms_measurements.c.obj
                0x08009578                bms_measurements_get_temps
 .text.bms_measurements_get_pack
                0x08009580        0x8 CMakeFiles/bms_firmware.elf.dir/src/bms/bms_measurements.c.obj
                0x08009580                bms_measurements_get_pack
 .text.set_active
                0x08009588       0x50 CMakeFiles/bms_firmware.elf.dir/src/bms/bms_faults.c.obj
 .text.bms_faults_evaluate
                0x080095d8      0x206 CMakeFiles/bms_firmware.elf.dir/src/bms/bms_faults.c.obj
                0x080095d8                bms_faults_evaluate
 *fill*         0x080097de        0x2 
 .text.bms_faults_report_pec_error
                0x080097e0       0x64 CMakeFiles/bms_firmware.elf.dir/src/bms/bms_faults.c.obj
                0x080097e0                bms_faults_report_pec_error
 .text.bms_faults_clear_pec_counter
                0x08009844       0x30 CMakeFiles/bms_firmware.elf.dir/src/bms/bms_faults.c.obj
                0x08009844                bms_faults_clear_pec_counter
 .text.bms_faults_report_i2c_error
                0x08009874       0x20 CMakeFiles/bms_firmware.elf.dir/src/bms/bms_faults.c.obj
                0x08009874                bms_faults_report_i2c_error
 .text.bms_faults_clear_i2c_error
                0x08009894       0x10 CMakeFiles/bms_firmware.elf.dir/src/bms/bms_faults.c.obj
                0x08009894                bms_faults_clear_i2c_error
 .text.bms_faults_get_active
                0x080098a4        0xc CMakeFiles/bms_firmware.elf.dir/src/bms/bms_faults.c.obj
                0x080098a4                bms_faults_get_active
 .text.bms_faults_get_latched
                0x080098b0        0xc CMakeFiles/bms_firmware.elf.dir/src/bms/bms_faults.c.obj
                0x080098b0                bms_faults_get_latched
 .text.bms_faults_clear_latched
                0x080098bc       0x30 CMakeFiles/bms_firmware.elf.dir/src/bms/bms_faults.c.obj
                0x080098bc                bms_faults_clear_latched
 .text.bms_faults_set
                0x080098ec       0x40 CMakeFiles/bms_firmware.elf.dir/src/bms/bms_faults.c.obj
                0x080098ec                bms_faults_set
 .text.bms_outputs_apply
                0x0800992c       0x74 CMakeFiles/bms_firmware.elf.dir/src/bms/bms_outputs.c.obj
                0x0800992c                bms_outputs_apply
 .text.bms_outputs_deassert_all
                0x080099a0        0x4 CMakeFiles/bms_firmware.elf.dir/src/bms/bms_outputs.c.obj
                0x080099a0                bms_outputs_deassert_all
 .text.bms_outputs_get_state
                0x080099a4        0x4 CMakeFiles/bms_firmware.elf.dir/src/bms/bms_outputs.c.obj
                0x080099a4                bms_outputs_get_state
 .text.bms_state_init
                0x080099a8       0x2c CMakeFiles/bms_firmware.elf.dir/src/bms/bms_state.c.obj
                0x080099a8                bms_state_init
 .text.bms_state_tick
                0x080099d4      0x140 CMakeFiles/bms_firmware.elf.dir/src/bms/bms_state.c.obj
                0x080099d4                bms_state_tick
 .text.bms_state_get
                0x08009b14        0xc CMakeFiles/bms_firmware.elf.dir/src/bms/bms_state.c.obj
                0x08009b14                bms_state_get
 .text.bms_state_request_bootloader_entry
                0x08009b20        0xc CMakeFiles/bms_firmware.elf.dir/src/bms/bms_state.c.obj
                0x08009b20                bms_state_request_bootloader_entry
 .text.bms_balance_disable_all
                0x08009b2c        0x8 CMakeFiles/bms_firmware.elf.dir/src/bms/bms_balance.c.obj
                0x08009b2c                bms_balance_disable_all
 .text.bms_balance_tick
                0x08009b34      0x14c CMakeFiles/bms_firmware.elf.dir/src/bms/bms_balance.c.obj
                0x08009b34                bms_balance_tick
 .text.bms_protocol_crc16
                0x08009c80       0x2c CMakeFiles/bms_firmware.elf.dir/src/bms/bms_protocol.c.obj
                0x08009c80                bms_protocol_crc16
 .text.send_response
                0x08009cac       0x6c CMakeFiles/bms_firmware.elf.dir/src/bms/bms_protocol.c.obj
 .text.send_error
                0x08009d18       0x16 CMakeFiles/bms_firmware.elf.dir/src/bms/bms_protocol.c.obj
 *fill*         0x08009d2e        0x2 
 .text.bms_protocol_init
                0x08009d30       0x10 CMakeFiles/bms_firmware.elf.dir/src/bms/bms_protocol.c.obj
                0x08009d30                bms_protocol_init
 .text.bms_protocol_tick
                0x08009d40      0x774 CMakeFiles/bms_firmware.elf.dir/src/bms/bms_protocol.c.obj
                0x08009d40                bms_protocol_tick
 .text.bms_diagnostics_record_i2c_error
                0x0800a4b4       0x14 CMakeFiles/bms_firmware.elf.dir/src/bms/bms_diagnostics.c.obj
                0x0800a4b4                bms_diagnostics_record_i2c_error
 .text.bms_diagnostics_set_open_wire
                0x0800a4c8       0x28 CMakeFiles/bms_firmware.elf.dir/src/bms/bms_diagnostics.c.obj
                0x0800a4c8                bms_diagnostics_set_open_wire
 .text.bms_diagnostics_get
                0x0800a4f0        0x8 CMakeFiles/bms_firmware.elf.dir/src/bms/bms_diagnostics.c.obj
                0x0800a4f0                bms_diagnostics_get
 .text.bms_main_loop_init
                0x0800a4f8       0x6c CMakeFiles/bms_firmware.elf.dir/src/bms_main_loop.c.obj
                0x0800a4f8                bms_main_loop_init
 .text.bms_main_loop_run
                0x0800a564       0xfc CMakeFiles/bms_firmware.elf.dir/src/bms_main_loop.c.obj
                0x0800a564                bms_main_loop_run
 .text.startup.main
                0x0800a660       0x38 CMakeFiles/bms_firmware.elf.dir/src/main.c.obj
                0x0800a660                main
 .text.memset   0x0800a698       0x10 /Applications/ArmGNUToolchain/15.2.rel1/arm-none-eabi/bin/../lib/gcc/arm-none-eabi/15.2.1/../../../../arm-none-eabi/lib/thumb/v7e-m/nofp/libc_nano.a(libc_a-memset.o)
                0x0800a698                memset
 .text.__libc_init_array
                0x0800a6a8       0x48 /Applications/ArmGNUToolchain/15.2.rel1/arm-none-eabi/bin/../lib/gcc/arm-none-eabi/15.2.1/../../../../arm-none-eabi/lib/thumb/v7e-m/nofp/libc_nano.a(libc_a-init.o)
                0x0800a6a8                __libc_init_array
 .text.memcpy   0x0800a6f0       0x1c /Applications/ArmGNUToolchain/15.2.rel1/arm-none-eabi/bin/../lib/gcc/arm-none-eabi/15.2.1/../../../../arm-none-eabi/lib/thumb/v7e-m/nofp/libc_nano.a(libc_a-memcpy-stub.o)
                0x0800a6f0                memcpy
 *(.rodata)
 .rodata        0x0800a70c      0x203 CMakeFiles/bms_firmware.elf.dir/src/bms/bms_protocol.c.obj
 *(.rodata.*)
 *fill*         0x0800a90f        0x1 
 .rodata.cv_cmds.1
                0x0800a910        0xa CMakeFiles/bms_firmware.elf.dir/src/drivers/ltc6812.c.obj
 .rodata.k_defaults
                0x0800a91a       0xe2 CMakeFiles/bms_firmware.elf.dir/src/bms/bms_config.c.obj
 .rodata.k_boot_banner
                0x0800a9fc       0x29 CMakeFiles/bms_firmware.elf.dir/src/main.c.obj
 *(.init)
 *fill*         0x0800aa25        0x3 
 .init          0x0800aa28        0x4 /Applications/ArmGNUToolchain/15.2.rel1/arm-none-eabi/bin/../lib/gcc/arm-none-eabi/15.2.1/thumb/v7e-m/nofp/crti.o
                0x0800aa28                _init
 .init          0x0800aa2c        0x8 /Applications/ArmGNUToolchain/15.2.rel1/arm-none-eabi/bin/../lib/gcc/arm-none-eabi/15.2.1/thumb/v7e-m/nofp/crtn.o
 *(.fini)
 .fini          0x0800aa34        0x4 /Applications/ArmGNUToolchain/15.2.rel1/arm-none-eabi/bin/../lib/gcc/arm-none-eabi/15.2.1/thumb/v7e-m/nofp/crti.o
                0x0800aa34                _fini
 .fini          0x0800aa38        0x8 /Applications/ArmGNUToolchain/15.2.rel1/arm-none-eabi/bin/../lib/gcc/arm-none-eabi/15.2.1/thumb/v7e-m/nofp/crtn.o
                0x0800aa40                        . = ALIGN (0x4)
                0x0800aa40                        _etext = .

.glue_7         0x0800aa40        0x0
 .glue_7        0x0800aa40        0x0 linker stubs

.glue_7t        0x0800aa40        0x0
 .glue_7t       0x0800aa40        0x0 linker stubs

.vfp11_veneer   0x0800aa40        0x0
 .vfp11_veneer  0x0800aa40        0x0 linker stubs

.v4_bx          0x0800aa40        0x0
 .v4_bx         0x0800aa40        0x0 linker stubs

.iplt           0x0800aa40        0x0
 .iplt          0x0800aa40        0x0 CMakeFiles/bms_firmware.elf.dir/vendor/STM32F3xx/Source/Templates/gcc/startup_stm32f303xc.s.obj

.rel.dyn        0x0800aa40        0x0
 .rel.iplt      0x0800aa40        0x0 CMakeFiles/bms_firmware.elf.dir/vendor/STM32F3xx/Source/Templates/gcc/startup_stm32f303xc.s.obj

.ARM.exidx      0x0800aa40        0x0
                0x0800aa40                        __exidx_start = .
 *(.ARM.exidx*)
                0x0800aa40                        __exidx_end = .
                0x0800aa40                        _sidata = LOADADDR (.data)

.data           0x20000000        0x0 load address 0x0800aa40
                0x20000000                        . = ALIGN (0x4)
                0x20000000                        _sdata = .
 *(.data)
 *(.data.*)
                0x20000000                        . = ALIGN (0x4)
                0x20000000                        _edata = .

.igot.plt       0x20000000        0x0 load address 0x0800aa40
 .igot.plt      0x20000000        0x0 CMakeFiles/bms_firmware.elf.dir/vendor/STM32F3xx/Source/Templates/gcc/startup_stm32f303xc.s.obj

.bss            0x20000000      0x98c load address 0x0800aa40
                0x20000000                        . = ALIGN (0x4)
                0x20000000                        _sbss = .
 *(.bss)
 *(.bss.*)
 .bss.s_tick_ms
                0x20000000        0x4 CMakeFiles/bms_firmware.elf.dir/src/board/board_clock.c.obj
 .bss.s_state   0x20000004        0x1 CMakeFiles/bms_firmware.elf.dir/src/board/board_outputs.c.obj
 .bss.s_busy    0x20000005        0x1 CMakeFiles/bms_firmware.elf.dir/src/board/board_spi.c.obj
 .bss.s_pec_table_ready
                0x20000006        0x1 CMakeFiles/bms_firmware.elf.dir/src/drivers/isospi.c.obj
 *fill*         0x20000007        0x1 
 .bss.s_pec_table
                0x20000008      0x200 CMakeFiles/bms_firmware.elf.dir/src/drivers/isospi.c.obj
 .bss.s_active_config
                0x20000208       0xe2 CMakeFiles/bms_firmware.elf.dir/src/bms/bms_config.c.obj
 *fill*         0x200002ea        0x2 
 .bss.s_pack    0x200002ec       0x14 CMakeFiles/bms_firmware.elf.dir/src/bms/bms_measurements.c.obj
 .bss.s_temps   0x20000300       0xec CMakeFiles/bms_firmware.elf.dir/src/bms/bms_measurements.c.obj
 .bss.s_cells   0x200003ec       0xec CMakeFiles/bms_firmware.elf.dir/src/bms/bms_measurements.c.obj
 .bss.s_pec_consec_temp
                0x200004d8        0x1 CMakeFiles/bms_firmware.elf.dir/src/bms/bms_faults.c.obj
 .bss.s_pec_consec_cell
                0x200004d9        0x1 CMakeFiles/bms_firmware.elf.dir/src/bms/bms_faults.c.obj
 *fill*         0x200004da        0x6 
 .bss.s_latched
                0x200004e0        0x8 CMakeFiles/bms_firmware.elf.dir/src/bms/bms_faults.c.obj
 .bss.s_active  0x200004e8        0x8 CMakeFiles/bms_firmware.elf.dir/src/bms/bms_faults.c.obj
 .bss.s_precharge_start_ms
                0x200004f0        0x4 CMakeFiles/bms_firmware.elf.dir/src/bms/bms_state.c.obj
 .bss.s_bl_entry_requested
                0x200004f4        0x1 CMakeFiles/bms_firmware.elf.dir/src/bms/bms_state.c.obj
 .bss.s_discharge_requested
                0x200004f5        0x1 CMakeFiles/bms_firmware.elf.dir/src/bms/bms_state.c.obj
 .bss.s_charger_present
                0x200004f6        0x1 CMakeFiles/bms_firmware.elf.dir/src/bms/bms_state.c.obj
 .bss.s_state   0x200004f7        0x1 CMakeFiles/bms_firmware.elf.dir/src/bms/bms_state.c.obj
 .bss.s_phase_active
                0x200004f8        0x1 CMakeFiles/bms_firmware.elf.dir/src/bms/bms_balance.c.obj
 *fill*         0x200004f9        0x3 
 .bss.s_phase_start_ms
                0x200004fc        0x4 CMakeFiles/bms_firmware.elf.dir/src/bms/bms_balance.c.obj
 .bss.s_is_on_phase
                0x20000500        0x1 CMakeFiles/bms_firmware.elf.dir/src/bms/bms_balance.c.obj
 .bss.s_tx_buf  0x20000501      0x20a CMakeFiles/bms_firmware.elf.dir/src/bms/bms_protocol.c.obj
 *fill*         0x2000070b        0x1 
 .bss.s_rx      0x2000070c      0x214 CMakeFiles/bms_firmware.elf.dir/src/bms/bms_protocol.c.obj
 .bss.s_diag    0x20000920       0x60 CMakeFiles/bms_firmware.elf.dir/src/bms/bms_diagnostics.c.obj
 .bss.s_last_pack_ms
                0x20000980        0x4 CMakeFiles/bms_firmware.elf.dir/src/bms_main_loop.c.obj
 .bss.s_last_temp_ms
                0x20000984        0x4 CMakeFiles/bms_firmware.elf.dir/src/bms_main_loop.c.obj
 .bss.s_last_cell_ms
                0x20000988        0x4 CMakeFiles/bms_firmware.elf.dir/src/bms_main_loop.c.obj
 *(COMMON)
                0x2000098c                        . = ALIGN (0x4)
                0x2000098c                        _ebss = .

.stack          0x2000098c     0x1004 load address 0x0800aa40
                0x20000990                        . = ALIGN (0x8)
 *fill*         0x2000098c        0x4 
                0x20000990                        _stack_end = .
                0x20001990                        . = (. + 0x1000)
 *fill*         0x20000990     0x1000 
                0x20001990                        . = ALIGN (0x8)
                0x20001990                        _stack_start = .
                0x20001990                        _estack = _stack_start
OUTPUT(bms_firmware.elf elf32-littlearm)
LOAD linker stubs

.ARM.attributes
                0x00000000       0x2a
 .ARM.attributes
                0x00000000       0x1e /Applications/ArmGNUToolchain/15.2.rel1/arm-none-eabi/bin/../lib/gcc/arm-none-eabi/15.2.1/thumb/v7e-m/nofp/crti.o
 .ARM.attributes
                0x0000001e       0x21 CMakeFiles/bms_firmware.elf.dir/vendor/STM32F3xx/Source/Templates/gcc/startup_stm32f303xc.s.obj
 .ARM.attributes
                0x0000003f       0x2e CMakeFiles/bms_firmware.elf.dir/vendor/STM32F3xx/Source/Templates/system_stm32f3xx.c.obj
 .ARM.attributes
                0x0000006d       0x2e CMakeFiles/bms_firmware.elf.dir/src/board/board_clock.c.obj
 .ARM.attributes
                0x0000009b       0x2e CMakeFiles/bms_firmware.elf.dir/src/board/board_outputs.c.obj
 .ARM.attributes
                0x000000c9       0x2e CMakeFiles/bms_firmware.elf.dir/src/board/board_uart.c.obj
 .ARM.attributes
                0x000000f7       0x2e CMakeFiles/bms_firmware.elf.dir/src/board/board_spi.c.obj
 .ARM.attributes
                0x00000125       0x2e CMakeFiles/bms_firmware.elf.dir/src/board/board_i2c.c.obj
 .ARM.attributes
                0x00000153       0x2e CMakeFiles/bms_firmware.elf.dir/src/board/board_adc.c.obj
 .ARM.attributes
                0x00000181       0x2e CMakeFiles/bms_firmware.elf.dir/src/board/board_can.c.obj
 .ARM.attributes
                0x000001af       0x2e CMakeFiles/bms_firmware.elf.dir/src/board/board_flash.c.obj
 .ARM.attributes
                0x000001dd       0x2e CMakeFiles/bms_firmware.elf.dir/src/drivers/isospi.c.obj
 .ARM.attributes
                0x0000020b       0x2e CMakeFiles/bms_firmware.elf.dir/src/drivers/ltc6812.c.obj
 .ARM.attributes
                0x00000239       0x2e CMakeFiles/bms_firmware.elf.dir/src/drivers/isl28022.c.obj
 .ARM.attributes
                0x00000267       0x2e CMakeFiles/bms_firmware.elf.dir/src/bms/bms_config.c.obj
 .ARM.attributes
                0x00000295       0x2e CMakeFiles/bms_firmware.elf.dir/src/bms/bms_measurements.c.obj
 .ARM.attributes
                0x000002c3       0x2e CMakeFiles/bms_firmware.elf.dir/src/bms/bms_faults.c.obj
 .ARM.attributes
                0x000002f1       0x2e CMakeFiles/bms_firmware.elf.dir/src/bms/bms_outputs.c.obj
 .ARM.attributes
                0x0000031f       0x2e CMakeFiles/bms_firmware.elf.dir/src/bms/bms_state.c.obj
 .ARM.attributes
                0x0000034d       0x2e CMakeFiles/bms_firmware.elf.dir/src/bms/bms_balance.c.obj
 .ARM.attributes
                0x0000037b       0x2e CMakeFiles/bms_firmware.elf.dir/src/bms/bms_protocol.c.obj
 .ARM.attributes
                0x000003a9       0x2e CMakeFiles/bms_firmware.elf.dir/src/bms/bms_diagnostics.c.obj
 .ARM.attributes
                0x000003d7       0x2e CMakeFiles/bms_firmware.elf.dir/src/bms_main_loop.c.obj
 .ARM.attributes
                0x00000405       0x2e CMakeFiles/bms_firmware.elf.dir/src/main.c.obj
 .ARM.attributes
                0x00000433       0x2e /Applications/ArmGNUToolchain/15.2.rel1/arm-none-eabi/bin/../lib/gcc/arm-none-eabi/15.2.1/../../../../arm-none-eabi/lib/thumb/v7e-m/nofp/libc_nano.a(libc_a-memset.o)
 .ARM.attributes
                0x00000461       0x2e /Applications/ArmGNUToolchain/15.2.rel1/arm-none-eabi/bin/../lib/gcc/arm-none-eabi/15.2.1/../../../../arm-none-eabi/lib/thumb/v7e-m/nofp/libc_nano.a(libc_a-init.o)
 .ARM.attributes
                0x0000048f       0x2e /Applications/ArmGNUToolchain/15.2.rel1/arm-none-eabi/bin/../lib/gcc/arm-none-eabi/15.2.1/../../../../arm-none-eabi/lib/thumb/v7e-m/nofp/libc_nano.a(libc_a-memcpy-stub.o)
 .ARM.attributes
                0x000004bd       0x1e /Applications/ArmGNUToolchain/15.2.rel1/arm-none-eabi/bin/../lib/gcc/arm-none-eabi/15.2.1/thumb/v7e-m/nofp/crtn.o

.comment        0x00000000       0x45
 .comment       0x00000000       0x45 CMakeFiles/bms_firmware.elf.dir/vendor/STM32F3xx/Source/Templates/system_stm32f3xx.c.obj
                                 0x46 (size before relaxing)
 .comment       0x00000045        0x0 CMakeFiles/bms_firmware.elf.dir/src/board/board_clock.c.obj
                                 0x46 (size before relaxing)
 .comment       0x00000045        0x0 CMakeFiles/bms_firmware.elf.dir/src/board/board_outputs.c.obj
                                 0x46 (size before relaxing)
 .comment       0x00000045        0x0 CMakeFiles/bms_firmware.elf.dir/src/board/board_uart.c.obj
                                 0x46 (size before relaxing)
 .comment       0x00000045        0x0 CMakeFiles/bms_firmware.elf.dir/src/board/board_spi.c.obj
                                 0x46 (size before relaxing)
 .comment       0x00000045        0x0 CMakeFiles/bms_firmware.elf.dir/src/board/board_i2c.c.obj
                                 0x46 (size before relaxing)
 .comment       0x00000045        0x0 CMakeFiles/bms_firmware.elf.dir/src/board/board_adc.c.obj
                                 0x46 (size before relaxing)
 .comment       0x00000045        0x0 CMakeFiles/bms_firmware.elf.dir/src/board/board_can.c.obj
                                 0x46 (size before relaxing)
 .comment       0x00000045        0x0 CMakeFiles/bms_firmware.elf.dir/src/board/board_flash.c.obj
                                 0x46 (size before relaxing)
 .comment       0x00000045        0x0 CMakeFiles/bms_firmware.elf.dir/src/drivers/isospi.c.obj
                                 0x46 (size before relaxing)
 .comment       0x00000045        0x0 CMakeFiles/bms_firmware.elf.dir/src/drivers/ltc6812.c.obj
                                 0x46 (size before relaxing)
 .comment       0x00000045        0x0 CMakeFiles/bms_firmware.elf.dir/src/drivers/isl28022.c.obj
                                 0x46 (size before relaxing)
 .comment       0x00000045        0x0 CMakeFiles/bms_firmware.elf.dir/src/bms/bms_config.c.obj
                                 0x46 (size before relaxing)
 .comment       0x00000045        0x0 CMakeFiles/bms_firmware.elf.dir/src/bms/bms_measurements.c.obj
                                 0x46 (size before relaxing)
 .comment       0x00000045        0x0 CMakeFiles/bms_firmware.elf.dir/src/bms/bms_faults.c.obj
                                 0x46 (size before relaxing)
 .comment       0x00000045        0x0 CMakeFiles/bms_firmware.elf.dir/src/bms/bms_outputs.c.obj
                                 0x46 (size before relaxing)
 .comment       0x00000045        0x0 CMakeFiles/bms_firmware.elf.dir/src/bms/bms_state.c.obj
                                 0x46 (size before relaxing)
 .comment       0x00000045        0x0 CMakeFiles/bms_firmware.elf.dir/src/bms/bms_balance.c.obj
                                 0x46 (size before relaxing)
 .comment       0x00000045        0x0 CMakeFiles/bms_firmware.elf.dir/src/bms/bms_protocol.c.obj
                                 0x46 (size before relaxing)
 .comment       0x00000045        0x0 CMakeFiles/bms_firmware.elf.dir/src/bms/bms_diagnostics.c.obj
                                 0x46 (size before relaxing)
 .comment       0x00000045        0x0 CMakeFiles/bms_firmware.elf.dir/src/bms_main_loop.c.obj
                                 0x46 (size before relaxing)
 .comment       0x00000045        0x0 CMakeFiles/bms_firmware.elf.dir/src/main.c.obj
                                 0x46 (size before relaxing)

.debug_frame    0x00000000       0x74
 .debug_frame   0x00000000       0x20 /Applications/ArmGNUToolchain/15.2.rel1/arm-none-eabi/bin/../lib/gcc/arm-none-eabi/15.2.1/../../../../arm-none-eabi/lib/thumb/v7e-m/nofp/libc_nano.a(libc_a-memset.o)
 .debug_frame   0x00000020       0x2c /Applications/ArmGNUToolchain/15.2.rel1/arm-none-eabi/bin/../lib/gcc/arm-none-eabi/15.2.1/../../../../arm-none-eabi/lib/thumb/v7e-m/nofp/libc_nano.a(libc_a-init.o)
 .debug_frame   0x0000004c       0x28 /Applications/ArmGNUToolchain/15.2.rel1/arm-none-eabi/bin/../lib/gcc/arm-none-eabi/15.2.1/../../../../arm-none-eabi/lib/thumb/v7e-m/nofp/libc_nano.a(libc_a-memcpy-stub.o)
